{
  "status": 401,
  "error": {
    "code": 57,
    "message": "You are not authorized to perform this operation"
  }
}